┬ webpack                                         5.95.0
├── @types/estree                                 1.0.6
├─┬ @webassemblyjs/ast                            1.12.1
│ ├─┬ @webassemblyjs/helper-numbers               1.11.6
│ │ ├── @webassemblyjs/floating-point-hex-parser  1.11.6
│ │ ├── @webassemblyjs/helper-api-error           1.11.6
│ │ └── @xtuc/long                                4.2.2
│ └── @webassemblyjs/helper-wasm-bytecode         1.11.6
├─┬ @webassemblyjs/wasm-edit                      1.12.1
│ ├── @webassemblyjs/ast                          1.12.1
│ ├── @webassemblyjs/helper-buffer                1.12.1
│ ├── @webassemblyjs/helper-wasm-bytecode         1.11.6
│ ├─┬ @webassemblyjs/helper-wasm-section          1.12.1
│ │ ├── @webassemblyjs/ast                        1.12.1
│ │ ├── @webassemblyjs/helper-buffer              1.12.1
│ │ ├── @webassemblyjs/helper-wasm-bytecode       1.11.6
│ │ └── @webassemblyjs/wasm-gen                   1.12.1
│ ├─┬ @webassemblyjs/wasm-gen                     1.12.1
│ │ ├── @webassemblyjs/ast                        1.12.1
│ │ ├── @webassemblyjs/helper-wasm-bytecode       1.11.6
│ │ ├── @webassemblyjs/ieee754                    1.11.6
│ │ ├── @webassemblyjs/leb128                     1.11.6
│ │ └── @webassemblyjs/utf8                       1.11.6
│ ├─┬ @webassemblyjs/wasm-opt                     1.12.1
│ │ ├── @webassemblyjs/ast                        1.12.1
│ │ ├── @webassemblyjs/helper-buffer              1.12.1
│ │ ├── @webassemblyjs/wasm-gen                   1.12.1
│ │ └── @webassemblyjs/wasm-parser                1.12.1
│ ├── @webassemblyjs/wasm-parser                  1.12.1
│ └─┬ @webassemblyjs/wast-printer                 1.12.1
│   ├── @webassemblyjs/ast                        1.12.1
│   └── @xtuc/long                                4.2.2
├─┬ @webassemblyjs/wasm-parser                    1.12.1
│ ├── @webassemblyjs/ast                          1.12.1
│ ├── @webassemblyjs/helper-api-error             1.11.6
│ ├── @webassemblyjs/helper-wasm-bytecode         1.11.6
│ ├─┬ @webassemblyjs/ieee754                      1.11.6
│ │ └── @xtuc/ieee754                             1.2.0
│ ├─┬ @webassemblyjs/leb128                       1.11.6
│ │ └── @xtuc/long                                4.2.2
│ └── @webassemblyjs/utf8                         1.11.6
├─┬ acorn-import-attributes                       1.9.5
│ └── acorn                                       8.13.0
├── acorn                                         8.13.0
├─┬ browserslist                                  4.24.2
│ ├── caniuse-lite                                1.0.30001669
│ ├── electron-to-chromium                        1.5.45
│ ├── node-releases                               2.0.18
│ └─┬ update-browserslist-db                      1.1.1
│   ├── browserslist                              4.24.2
│   ├── escalade                                  3.2.0
│   └── picocolors                                1.1.1
├── chrome-trace-event                            1.0.3
├─┬ enhanced-resolve                              5.17.1
│ ├── graceful-fs                                 4.2.11
│ └── tapable                                     2.2.1
├── es-module-lexer                               1.5.4
├─┬ eslint-scope                                  5.1.1
│ ├── esrecurse                                   4.3.0
│ └── estraverse                                  4.3.0
├── events                                        3.3.0
├── glob-to-regexp                                0.4.1
├── graceful-fs                                   4.2.11
├── json-parse-even-better-errors                 2.3.1
├── loader-runner                                 4.3.0
├─┬ mime-types                                    2.1.35
│ └── mime-db                                     1.52.0
├── neo-async                                     2.6.2
├─┬ schema-utils                                  3.3.0
│ ├── @types/json-schema                          7.0.15
│ ├─┬ ajv-keywords                                3.5.2
│ │ └── ajv                                       6.12.6
│ └── ajv                                         6.12.6
├── tapable                                       2.2.1
├─┬ terser-webpack-plugin                         5.3.10
│ ├─┬ @jridgewell/trace-mapping                   0.3.25
│ │ ├── @jridgewell/resolve-uri                   3.1.2
│ │ └── @jridgewell/sourcemap-codec               1.5.0
│ ├─┬ jest-worker                                 27.5.1
│ │ ├─┬ @types/node                               22.7.9
│ │ │ └── undici-types                            6.19.8
│ │ ├── merge-stream                              2.0.0
│ │ └─┬ supports-color                            8.1.1
│ │   └── has-flag                                4.0.0
│ ├── schema-utils                                3.3.0
│ ├─┬ serialize-javascript                        6.0.2
│ │ └─┬ randombytes                               2.1.0
│ │   └── safe-buffer                             5.2.1
│ ├─┬ terser                                      5.36.0
│ │ ├─┬ @jridgewell/source-map                    0.3.6
│ │ │ ├─┬ @jridgewell/gen-mapping                 0.3.5
│ │ │ │ ├── @jridgewell/set-array                 1.2.1
│ │ │ │ ├── @jridgewell/sourcemap-codec           1.5.0
│ │ │ │ └── @jridgewell/trace-mapping             0.3.25
│ │ │ └── @jridgewell/trace-mapping               0.3.25
│ │ ├── acorn                                     8.13.0
│ │ ├── commander                                 2.20.3
│ │ └─┬ source-map-support                        0.5.21
│ │   ├── buffer-from                             1.1.2
│ │   └── source-map                              0.6.1
│ └── webpack                                     5.95.0
├─┬ watchpack                                     2.4.2
│ ├── glob-to-regexp                              0.4.1
│ └── graceful-fs                                 4.2.11
└── webpack-sources                               3.2.3
