npm-review | MIT
ncurses-based TUI for reviewing and upgrading/downgrading NPM packages, with vim-like key-bindings.

LATEST
5.1.1 (2025-05-16)

DEPENDENCIES
– angel
– buffy
– doc-brown
– jayne
– mal
– marty
– river
– spike
– willow

HOMEPAGE
https://www.daghall.se

AUTHOR
Markus Daghall <markus@daghall.se>

KEYWORDS
ncurses, c++, npm, gawk, jq
